04Gt01vatkk_248_265.avi,A woman is something cut
04Gt01vatkk_308_321.avi,A man is a a something
0lh_UWF9ZP4_27_31.avi,A woman is slicing a
0lh_UWF9ZP4_62_69.avi,A woman is the into a a
1Sp2__RCT0c_11_15.avi,A something is something in a something
30GeJHYoerk_121_126.avi,A men of men a something
3qqEKTPxLNs_1_15.avi,A baby is is with a
4PcL6-mjRNk_11_18.avi,A dog is a a a
4xVGpDmA4lE_23_33.avi,A man is a a something
5HAf_INrFy0_3_25.avi,A woman is a a with with
5YJaS2Eswg0_22_26.avi,A man is riding a
6JnGBs88sL0_4_10.avi,A man is a across a
6q1dX6thX3E_286_295.avi,A man is singing
71soiLO6I9U_15_24.avi,A is is a a
778mkceE0UQ_40_46.avi,A car is a a car
77iDIp40m9E_126_131.avi,A something is riding on on
7HcYJKMxpcg_20_28.avi,A kid is is a the
7NNg0_n-bS8_21_30.avi,A man is singing guitar guitar guitar
88DOMJ11q2M_84_87.avi,A girl is doing
8HB7ywgJuTg_131_142.avi,A woman is a in a a
8MVo7fje_oE_125_130.avi,A man is dumping pasta a a
BAf3LXFUaGs_28_38.avi,A boy is playing a
BtQtRGI0F2Q_15_20.avi,A something is riding on
CGllPWAwmUo_1_15.avi,A something is something the something the wall something
Cjf21Y19aUQ_82_86.avi,A man is talking on a
Dgf0VHMEtNs_57_66.avi,A man is a a in a
DhwrBs96Kgk_120_124.avi,A man is a a the
EpMuCrbxE8A_107_115.avi,A man is playing the
Fe4tO5vW9_E_64_70.avi,A person is putting in in to
HAjwXjwN9-A_16_24.avi,A men something a a a
HV12kTtdTT4_5_14.avi,A boy is is playing a a
He7Ge7Sogrk_47_70.avi,A man is a a something
IhwPQL9dFYc_124_129.avi,A woman is slicing tofu into
J---aiyznGQ_0_6.avi,A man is playing a
J_evFB7RIKA_104_120.avi,A woman is slicing a
Jag7oTemldY_12_25.avi,A are is something are the a
Je3V7U5Ctj4_569_576.avi,A man is a a on a tortilla
JntMAcTlOF0_50_70.avi,A man is down a the with
MTjrZthHwJQ_2_11.avi,A something is the in the water
MrQd1zUVRUM_103_110.avi,A woman is something a something
N2Cm0SLr0ZE_18_29.avi,A boy is is his the
N3A7944_UJw_63_70.avi,A woman is the in
NUYu9c9XsgY_7_21.avi,A person is a a
PeUHy0A1GF0_114_121.avi,A is is the meat
RSx5G0_xH48_12_17.avi,A puppy is playing with a
RZL9irxnhZ0_34_40.avi,A man is something an
RjpbFlOHFps_8_25.avi,A something is something the
ScdUht-pM6s_53_63.avi,A man is a a
TZ860P4iTaM_15_28.avi,A cat is playing a piano
UXs3eq68ZjE_250_255.avi,A is is some rice a a
UbmZAe5u5FI_132_141.avi,A woman is the meat
UdcObAQ5OOM_15_30.avi,A man is on on car
WTf5EgVY5uU_124_128.avi,A is is an an in a
WWf0Z6ak3Dg_5_15.avi,A large is playing in a water water
XOAgUVVwKEA_8_20.avi,A baby is a a a
YmXCfQm0_CA_277_284.avi,A man is a a something a a
ZbtpcGi2DWY_161_170.avi,A something is something the
aM-RcQj0a7I_37_55.avi,A is is the a
bqMmyY1ImkI_0_14.avi,A woman is a a a
cnsjm3fNEec_4_10.avi,A woman is something a something
dfOuTx66bJU_34_39.avi,A woman is walking the a
e-j59PqJjSM_405_416.avi,A man is mixing into to bowl bowl bowl bowl
e-j59PqJjSM_50_98.avi,A man is slicing an onion
ecm9gf2Pgkc_1_24.avi,A is is the a
f9Won2JpOEU_60_80.avi,A cat is a a a
g1Gldu1KS44_8_14.avi,A something is something a something
glrijRGnmc0_211_215.avi,A man is a a something
inzk2fTUe1w_1_15.avi,A person is a a
j2Dhf-xFUxU_13_20.avi,A man is up
jTnrm338_KY_34_42.avi,A man is something a of of
jbzaMtPYtl8_48_58.avi,A man is in are the
k06Ge9ANKM8_5_16.avi,A small is is a a a
k5OKBX2e7xA_19_32.avi,A are is riding a
klteYv1Uv9A_27_33.avi,A man is riding a on a
lo4KcsBN--A_0_10.avi,A man is a a
lw7pTwpx0K0_38_48.avi,A man is a a
mmSQTI6gMNQ_120_128.avi,The are are in
mtrCf667KDk_134_176.avi,A man is cutting some
n016q1w8Q30_2_11.avi,A man is slicing
pW9DFPqoIsI_26_50.avi,A man is being a
q7pOFn8s4zc_263_273.avi,A boy is a a
qLwgb3F0aPU_298_305.avi,The group of in are dancing
qeKX-N1nKiM_0_5.avi,A person is a something in of
qvg9eM4Hmzk_4_10.avi,A man is lifting a back
rl1rVk_xIOs_1_16.avi,The are are a
s1ZABV7AQdA_38_48.avi,The are of their
sJSmRik2c-c_1_7.avi,A train is is down the
sZf3VDsdDPM_107_114.avi,A man is a a
shPymuahrsc_5_12.avi,A animal is is around the
tJHUH9tpqPg_113_118.avi,A woman is using a something
tcxhOGyrCtI_15_21.avi,A small is is around the a
u4T76jsPin0_0_11.avi,something are of a a
uJPupV4oLZ0_4_12.avi,A is is playing a a
ufFT2BWh3BQ_0_8.avi,A panda bear is
v7iIZXtpIb8_5_15.avi,A man is a a
wkgGxsuNVSg_34_41.avi,A man is a a a
xCFCXzDUGjY_5_9.avi,A are is a a the
xxHx6s_DbUo_216_222.avi,A man is a something
zulPFoY64wE_26_33.avi,A woman is a something is
zv2RIbUsnSw_335_341.avi,A man is something the something of
